[backblue.gif]
[fade.gif]
[index.html]
[retail.onlinesbi.sbi/retail/audio25a1.wav]
[retail.onlinesbi.sbi/retail/login.html]
[retail.onlinesbi.sbi/retail/loginc71f.html]
[retail.onlinesbi.sbi/retail/logine986.html]
[retail.onlinesbi.sbi/retail/dwr/interface/inbBranchDetails.js]
[retail.onlinesbi.sbi/retail/dwr/engine.js]
[retail.onlinesbi.sbi/retail/dwr/util.js]
[retail.onlinesbi.sbi/retail/lockaccountcaptcha.jpg]
[retail.onlinesbi.sbi/retail/lockaccountdetails6513.html]
[retail.onlinesbi.sbi/retail/troubleloginhome6513.html]
[retail.onlinesbi.sbi/retail/blockatmcardintermediate.html]
[retail.onlinesbi.sbi/retail/newuserreg.html]
[retail.onlinesbi.sbi/retail/ource.com/index.html]
[retail.onlinesbi.sbi/retail/=.html]
[retail.onlinesbi.sbi/retail/images/favicon.html]
[retail.onlinesbi.sbi/retail/lockaccountdetails.html]
[retail.onlinesbi.sbi/retail/troublelogindetails.html]
[retail.onlinesbi.sbi/retail/forgotusername.html]
[retail.onlinesbi.sbi/retail/resetloginpwdwithrefno.html]
[retail.onlinesbi.sbi/retail/blockatmcard.html]
[retail.onlinesbi.sbi/retail/userdrivenregdetails.html]
[retail.onlinesbi.sbi/retail/newuserregtempusername.html]
[retail.onlinesbi.sbi/retail/OPR/index.html]
[retail.onlinesbi.sbi/retail/forgotusernameconfirm.html]
[retail.onlinesbi.sbi/retail/resetloginpasswordwithrefnohighsecurity.html]
[retail.onlinesbi.sbi/retail/blockatmcardsubmit.html]
[retail.onlinesbi.sbi/retail/userdrivenreginterimdetails.html]
[retail.onlinesbi.sbi/retail/kioskloginbranchcode.html]
[retail.onlinesbi.sbi/retail/newuserregtempusernamehighsecurity.html]
