[vdbprivate.com/en/myaccount/login.html]
[vdbprivate.com/en/myaccount/javax.faces.resource/theme.cssab55ab55.css]
[vdbprivate.com/en/myaccount/javax.faces.resource/jquery/jquery.jse3bae3ba.xhtml]
[vdbprivate.com/en/myaccount/javax.faces.resource/primefaces.jse3bae3ba.xhtml]
[vdbprivate.com/en/myaccount/javax.faces.resource/primefaces.csse3bae3ba.css]
[vdbprivate.com/en/myaccount/javax.faces.resource/jquery/jquery-plugins.jse3bae3ba.xhtml]
[vdbprivate.com/en/myaccount/javax.faces.resource/keyboard/keyboard.csse3bae3ba.css]
[vdbprivate.com/en/myaccount/javax.faces.resource/keyboard/keyboard.jse3bae3ba.xhtml]
[vdbprivate.com/en/myaccount/javax.faces.resource/watermark/watermark.csse3bae3ba.css]
[vdbprivate.com/en/myaccount/javax.faces.resource/watermark/watermark.jse3bae3ba.xhtml]
[backblue.gif]
[fade.gif]
[index.html]
[vdbprivate.com/en/myaccount/resources/images/favicon.ico]
[vdbprivate.com/en/myaccount/resources/themes/netteller-theme/netteller-theme.css]
[vdbprivate.com/en/myaccount/resources/themes/netteller-theme/netteller.css]
[vdbprivate.com/en/myaccount/img/logo-med.png]
[vdbprivate.com/en/myaccount/img/Valletta-at-Night.jpg]
[vdbprivate.com/en/myaccount/signup.html]
[vdbprivate.com/en/myaccount/resources/js/netinfo.js]
[vdbprivate.com/en/myaccount/resources/js/clientDetection.js]
[vdbprivate.com/en/myaccount/login.html]
[vdbprivate.com/en/myaccount/javax.faces.resource/theme.cssab55ab55.html]
[vdbprivate.com/en/myaccount/javax.faces.resource/jquery/jquery.jse3bae3ba.html]
[vdbprivate.com/en/myaccount/javax.faces.resource/primefaces.jse3bae3ba.html]
[vdbprivate.com/en/myaccount/javax.faces.resource/primefaces.csse3bae3ba.html]
[vdbprivate.com/en/myaccount/javax.faces.resource/jquery/jquery-plugins.jse3bae3ba.html]
[vdbprivate.com/en/myaccount/javax.faces.resource/keyboard/keyboard.csse3bae3ba.html]
[vdbprivate.com/en/myaccount/javax.faces.resource/keyboard/keyboard.jse3bae3ba.html]
[vdbprivate.com/en/myaccount/javax.faces.resource/watermark/watermark.csse3bae3ba.html]
[vdbprivate.com/en/myaccount/javax.faces.resource/watermark/watermark.jse3bae3ba.html]
[vdbprivate.com/en/myaccount/resources/images/favicon.html]
[vdbprivate.com/en/myaccount/resources/themes/netteller-theme/icons/css/font-awesome.css]
[vdbprivate.com/en/myaccount/resources/themes/netteller-theme/images/ui-bg_flat_75_ffffff_40x100.png]
[vdbprivate.com/en/myaccount/resources/themes/netteller-theme/images/ui-bg_glass_75_dadada_1x400.png]
[vdbprivate.com/en/myaccount/resources/themes/netteller-theme/images/ui-bg_glass_55_fbf9ee_1x400.png]
[vdbprivate.com/en/myaccount/resources/themes/netteller-theme/images/ui-bg_inset-soft_95_fef1ec_1x100.png]
[vdbprivate.com/en/myaccount/resources/themes/netteller-theme/images/ui-icons_6da8d5_256x240.png]
[vdbprivate.com/en/myaccount/resources/themes/netteller-theme/images/ui-bg_flat_0_aaaaaa_40x100.png]
[vdbprivate.com/en/myaccount/resources/themes/netteller-theme/netteller-theme.css]
[vdbprivate.com/en/myaccount/resources/images/orange_arrow.html]
[vdbprivate.com/en/myaccount/resources/images/menu_hover_effect.png]
[vdbprivate.com/en/myaccount/resources/images/gray_icon.gif]
[vdbprivate.com/en/myaccount/resources/images/buttons.png]
[vdbprivate.com/en/myaccount/resources/images/headerSeparator.png]
[vdbprivate.com/en/myaccount/resources/images/home.png]
[vdbprivate.com/en/myaccount/resources/images/logout.png]
[vdbprivate.com/en/myaccount/resources/images/ad_inside.jpg]
[vdbprivate.com/en/myaccount/resources/images/social.png]
[vdbprivate.com/en/myaccount/resources/images/exportPdf.png]
[vdbprivate.com/en/myaccount/resources/images/exportExcel.png]
[vdbprivate.com/en/myaccount/resources/images/settings.png]
[vdbprivate.com/en/myaccount/resources/images/find.gif]
[vdbprivate.com/en/myaccount/resources/themes/netteller-theme/netteller.css]
[vdbprivate.com/en/myaccount/images/favicon.ico]
[vdbprivate.com/en/myaccount/verifynotify.js]
[vdbprivate.com/en/myaccount/images/scrollbars.css]
[vdbprivate.com/en/myaccount/images/Background_image_v5_1130x1663.jpg]
[vdbprivate.com/en/myaccount/images/apply_now_padlock.gif]
[vdbprivate.com/en/myaccount/images/verisignsecured.jpg]
[vdbprivate.com/en/myaccount/signup.html]
[vdbprivate.com/en/myaccount/resources/themes/netteller-theme/icons/fonts/fontawesome-webfonte0a5.eot]
[vdbprivate.com/en/myaccount/resources/themes/netteller-theme/icons/fonts/fontawesome-webfontd41d.eot]
[vdbprivate.com/en/myaccount/resources/themes/netteller-theme/icons/fonts/fontawesome-webfonte0a5.woff2]
[vdbprivate.com/en/myaccount/resources/themes/netteller-theme/icons/fonts/fontawesome-webfonte0a5.woff]
[vdbprivate.com/en/myaccount/resources/themes/netteller-theme/icons/fonts/fontawesome-webfonte0a5.ttf]
[vdbprivate.com/en/myaccount/resources/themes/netteller-theme/icons/fonts/fontawesome-webfonte0a5e0a5.svg]
[vdbprivate.com/en/myaccount/resources/themes/netteller-theme/icons/css/font-awesome.css]
[vdbprivate.com/en/myaccount/resources/themes/netteller-theme/images/ui-bg_flat_75_ffffff_40x100.html]
[vdbprivate.com/en/myaccount/resources/themes/netteller-theme/images/ui-bg_glass_75_dadada_1x400.html]
[vdbprivate.com/en/myaccount/resources/themes/netteller-theme/images/ui-bg_glass_55_fbf9ee_1x400.html]
[vdbprivate.com/en/myaccount/resources/themes/netteller-theme/images/ui-bg_inset-soft_95_fef1ec_1x100.html]
[vdbprivate.com/en/myaccount/resources/themes/netteller-theme/images/ui-icons_6da8d5_256x240.html]
[vdbprivate.com/en/myaccount/resources/themes/netteller-theme/images/ui-bg_flat_0_aaaaaa_40x100.html]
[vdbprivate.com/en/myaccount/resources/images/orange_arrow.html]
[vdbprivate.com/en/myaccount/resources/images/menu_hover_effect.html]
[vdbprivate.com/en/myaccount/resources/images/gray_icon.html]
[vdbprivate.com/en/myaccount/resources/images/buttons.html]
[vdbprivate.com/en/myaccount/resources/images/headerSeparator.html]
[vdbprivate.com/en/myaccount/resources/images/home.html]
[vdbprivate.com/en/myaccount/resources/images/logout.html]
[vdbprivate.com/en/myaccount/resources/images/ad_inside.html]
[vdbprivate.com/en/myaccount/resources/images/social.html]
[vdbprivate.com/en/myaccount/resources/images/exportPdf.html]
[vdbprivate.com/en/myaccount/resources/images/exportExcel.html]
[vdbprivate.com/en/myaccount/resources/images/settings.html]
[vdbprivate.com/en/myaccount/resources/images/find.html]
[vdbprivate.com/en/myaccount/images/scrollbars.html]
[vdbprivate.com/en/myaccount/images/Background_image_v5_1130x1663.html]
[vdbprivate.com/en/myaccount/resources/themes/netteller-theme/icons/fonts/fontawesome-webfonte0a5.html]
[vdbprivate.com/en/myaccount/resources/themes/netteller-theme/icons/fonts/fontawesome-webfontd41d.html]
[vdbprivate.com/en/myaccount/resources/themes/netteller-theme/icons/fonts/fontawesome-webfonte0a5-2.html]
[vdbprivate.com/en/myaccount/resources/themes/netteller-theme/icons/fonts/fontawesome-webfonte0a5-3.html]
[vdbprivate.com/en/myaccount/resources/themes/netteller-theme/icons/fonts/fontawesome-webfonte0a5-4.html]
[vdbprivate.com/en/myaccount/resources/themes/netteller-theme/icons/fonts/fontawesome-webfonte0a5e0a5.svg]
